2024-08-27 16:09:52 - Checking if WSL is running...
2024-08-27 16:09:52 - WSL is not running or installed. Exiting.
2024-08-27 16:13:06 - Checking if WSL is running...
2024-08-27 16:13:06 - Installing USBIPD-WIN...
2024-08-27 16:13:09 - Listing USB devices connected to Windows...
2024-08-27 16:13:09 - No devices found. Please connect your USB device.
2024-08-27 16:17:30 - Checking if WSL is running...
2024-08-27 16:17:31 - Installing USBIPD-WIN...
2024-08-27 16:17:32 - Listing USB devices connected to Windows...
2024-08-27 16:17:32 - No devices found. Please connect your USB device.
2024-08-27 16:18:50 - Checking if WSL is running...
2024-08-27 16:18:50 - Installing USBIPD-WIN...
2024-08-27 16:18:51 - Listing USB devices connected to Windows...
2024-08-27 16:18:52 - Bus ID for GPIB-USB-HS found: 1-3
2024-08-27 16:18:52 - Binding the USB device with busid 1-3...
2024-08-27 16:18:52 - Attaching USB device to WSL...
2024-08-27 16:18:52 - Verifying the USB device in WSL...
2024-08-27 16:18:52 - Failed to attach USB device to WSL. Exiting.
2024-08-27 16:45:01 - Checking if WSL is running...
2024-08-27 16:45:01 - Installing USBIPD-WIN...
2024-08-27 16:45:03 - Listing USB devices connected to Windows...
2024-08-27 16:45:03 - Bus ID for GPIB-USB-HS found: 1-3
2024-08-27 16:45:03 - Binding the USB device with busid 1-3...
2024-08-27 16:45:04 - Attaching USB device to WSL...
2024-08-27 16:45:05 - Verifying the USB device in WSL...
2024-08-27 16:45:05 - lsusb output:
2024-08-27 16:45:05 - Bus 002 Device 001: ID 1d6b:0003 Linux Foundation 3.0 root hub
Bus 001 Device 001: ID 1d6b:0002 Linux Foundation 2.0 root hub
2024-08-27 16:45:05 - GPIB-USB-HS device not found in WSL. Attachment may have failed.
2024-08-27 16:45:05 - Please check Windows Device Manager and WSL USB device settings.
2024-08-27 16:46:15 - Checking if WSL is running...
2024-08-27 16:46:15 - Installing USBIPD-WIN...
2024-08-27 16:46:16 - Listing USB devices connected to Windows...
2024-08-27 16:46:16 - Bus ID for GPIB-USB-HS found: 1-3
2024-08-27 16:46:16 - Binding the USB device with busid 1-3...
2024-08-27 16:46:17 - Attaching USB device to WSL...
2024-08-27 16:46:17 - Verifying the USB device in WSL...
2024-08-27 16:46:17 - lsusb output:
2024-08-27 16:46:17 - USB device successfully attached to WSL.
2024-08-27 16:46:17 - USB device setup complete. You can now interact with your device using Linux tools.
2024-08-27 16:46:17 - To detach the USB device, use the following command:
2024-08-27 16:46:17 - powershell.exe -Command 'usbipd detach --busid 1-3'
2024-08-27 16:46:34 - Checking if WSL is running...
2024-08-27 16:46:34 - Installing USBIPD-WIN...
2024-08-27 16:46:36 - Listing USB devices connected to Windows...
2024-08-27 16:46:36 - Bus ID for GPIB-USB-HS found: 1-3
2024-08-27 16:46:36 - Binding the USB device with busid 1-3...
2024-08-27 16:46:36 - Attaching USB device to WSL...
2024-08-27 16:46:36 - Verifying the USB device in WSL...
2024-08-27 16:46:36 - lsusb output:Bus 002 Device 001: ID 1d6b:0003 Linux Foundation 3.0 root hub
Bus 001 Device 002: ID 3923:709b National Instruments Corp. GPIB-USB-HS
Bus 001 Device 001: ID 1d6b:0002 Linux Foundation 2.0 root hub
2024-08-27 16:46:36 - USB device successfully attached to WSL.
2024-08-27 16:46:36 - USB device setup complete. You can now interact with your device using Linux tools.
2024-08-27 16:46:36 - To detach the USB device, use the following command:
2024-08-27 16:46:36 - powershell.exe -Command 'usbipd detach --busid 1-3'
